// Jest Snapshot v1, https://goo.gl/fbAQLP

exports[`build util \`getAllPosts\` returns the index feed 1`] = `
[
  {
    "body": undefined,
    "category": "technology",
    "contentFilePath": undefined,
    "coverImageAlt": "An image.",
    "coverImageUrl": undefined,
    "coverImg": {
      "backgroundColor": "transparent",
      "height": 368,
      "images": {
        "fallback": {
          "sizes": "(min-width: 920px) 920px, 100vw",
          "src": "/static/351fe0crb13d2648e4bbd3fe9tae3gf4/df323/de.jpg",
          "srcSet": "/static/351fe0crb13d2648e4bbd3fe9tae3gf4/2fb23/de.jpg 230w,
/static/351fe0crb13d2648e4bbd3fe9tae3gf4/1fc23/de.jpg 460w,
/static/351fe0crb13d2648e4bbd3fe9tae3gf4/df323/de.jpg 920w,
/static/351fe0crb13d2648e4bbd3fe9tae3gf4/3f823/de.jpg 1840w",
        },
        "sources": [
          {
            "sizes": "(min-width: 920px) 920px, 100vw",
            "srcSet": "/static/351fe0crb13d2648e4bbd3fe9tae3gf4/ef223/de.avif 230w,
/static/351fe0crb13d2648e4bbd3fe9tae3gf4/5f723/de.avif 460w,
/static/351fe0crb13d2648e4bbd3fe9tae3gf4/9f123/de.avif 920w,
/static/351fe0crb13d2648e4bbd3fe9tae3gf4/bfe23/de.avif 1840w",
            "type": "image/avif",
          },
          {
            "sizes": "(min-width: 920px) 920px, 100vw",
            "srcSet": "/static/351fe0crb13d2648e4bbd3fe9tae3gf4/1f623/de.webp 230w,
/static/351fe0crb13d2648e4bbd3fe9tae3gf4/ffb23/de.webp 460w,
/static/351fe0crb13d2648e4bbd3fe9tae3gf4/df423/de.webp 920w,
/static/351fe0crb13d2648e4bbd3fe9tae3gf4/3f223/de.webp 1840w",
            "type": "image/webp",
          },
        ],
      },
      "layout": "constrained",
      "placeholder": {
        "fallback": "data:image/jpeg;base64,/9j/2wBDABALDA4MChAODQ4SERATGCgaGBYWGDEjJR0oOjM9PDkzODdASFxOQERXRTc4UG1RV19iZ2hnPk1xeXBkeFxlZ2P/2wBDARESEhgVGC8aGi9jQjhCY2NjY2NjY2NjY2NjY2NjY2NjY2NjY2NjY2NjY2NjY2NjY2NjY2NjY2NjY2NjY2NjY2P/wgARCAAIABQDASIAAhEBAxEB/8QAFgABAQEAAAAAAAAAAAAAAAAAAAMF/8QAFQEBAQAAAAAAAAAAAAAAAAAAAQD/2gAMAwEAAhADEAAAAdGYUwP/xAAXEAEBAQEAAAAAAAAAAAAAAAAAEQIT/9oACAEBAAEFAqjrp//EABURAQEAAAAAAAAAAAAAAAAAAAEQ/9oACAEDAQE/ASf/xAAUEQEAAAAAAAAAAAAAAAAAAAAQ/9oACAECAQE/AT//xAAaEAACAgMAAAAAAAAAAAAAAAAAAQIRInHh/9oACAEBAAY/AqR0xg62f//EABkQAAIDAQAAAAAAAAAAAAAAAAERACFBgf/aAAgBAQABPyFEhrNlmSSyKigdBJ//2gAMAwEAAgADAAAAEPf/AP/EABURAQEAAAAAAAAAAAAAAAAAAAEQ/9oACAEDAQE/EAE//8QAFhEBAQEAAAAAAAAAAAAAAAAAARAR/9oACAECAQE/EF2f/8QAGhABAAIDAQAAAAAAAAAAAAAAAQARITFBkf/aAAgBAQABPxCtWQ3cIhEGOxxx4GpTYkWILyf/2Q==",
      },
      "width": 920,
    },
    "dateModified": 2020-04-11T00:00:00.000Z,
    "datePublished": 2020-04-11T00:00:00.000Z,
    "description": "Description",
    "internalContent": undefined,
    "pathName": "/test-one",
    "route": "/test-one",
    "slug": "/test-one",
    "tags": [
      "programming",
      "cate",
      "ee",
    ],
    "timeToRead": "1 min read",
    "title": "Test One",
    "url": "https://zito.fyi/test-one",
  },
  {
    "body": undefined,
    "category": "technology",
    "contentFilePath": undefined,
    "coverImageAlt": "An image",
    "coverImageUrl": undefined,
    "coverImg": {
      "backgroundColor": "transparent",
      "height": 368,
      "images": {
        "fallback": {
          "sizes": "(min-width: 920px) 920px, 100vw",
          "src": "/static/351fe0crb13d2648e4bbd3fe9tae3gf4/df323/de.jpg",
          "srcSet": "/static/351fe0crb13d2648e4bbd3fe9tae3gf4/2fb23/de.jpg 230w,
/static/351fe0crb13d2648e4bbd3fe9tae3gf4/1fc23/de.jpg 460w,
/static/351fe0crb13d2648e4bbd3fe9tae3gf4/df323/de.jpg 920w,
/static/351fe0crb13d2648e4bbd3fe9tae3gf4/3f823/de.jpg 1840w",
        },
        "sources": [
          {
            "sizes": "(min-width: 920px) 920px, 100vw",
            "srcSet": "/static/351fe0crb13d2648e4bbd3fe9tae3gf4/ef223/de.avif 230w,
/static/351fe0crb13d2648e4bbd3fe9tae3gf4/5f723/de.avif 460w,
/static/351fe0crb13d2648e4bbd3fe9tae3gf4/9f123/de.avif 920w,
/static/351fe0crb13d2648e4bbd3fe9tae3gf4/bfe23/de.avif 1840w",
            "type": "image/avif",
          },
          {
            "sizes": "(min-width: 920px) 920px, 100vw",
            "srcSet": "/static/351fe0crb13d2648e4bbd3fe9tae3gf4/1f623/de.webp 230w,
/static/351fe0crb13d2648e4bbd3fe9tae3gf4/ffb23/de.webp 460w,
/static/351fe0crb13d2648e4bbd3fe9tae3gf4/df423/de.webp 920w,
/static/351fe0crb13d2648e4bbd3fe9tae3gf4/3f223/de.webp 1840w",
            "type": "image/webp",
          },
        ],
      },
      "layout": "constrained",
      "placeholder": {
        "fallback": "data:image/jpeg;base64,/9j/2wBDABALDA4MChAODQ4SERATGCgaGBYWGDEjJR0oOjM9PDkzODdASFxOQERXRTc4UG1RV19iZ2hnPk1xeXBkeFxlZ2P/2wBDARESEhgVGC8aGi9jQjhCY2NjY2NjY2NjY2NjY2NjY2NjY2NjY2NjY2NjY2NjY2NjY2NjY2NjY2NjY2NjY2NjY2P/wgARCAAIABQDASIAAhEBAxEB/8QAFgABAQEAAAAAAAAAAAAAAAAAAAMF/8QAFQEBAQAAAAAAAAAAAAAAAAAAAQD/2gAMAwEAAhADEAAAAdGYUwP/xAAXEAEBAQEAAAAAAAAAAAAAAAAAEQIT/9oACAEBAAEFAqjrp//EABURAQEAAAAAAAAAAAAAAAAAAAEQ/9oACAEDAQE/ASf/xAAUEQEAAAAAAAAAAAAAAAAAAAAQ/9oACAECAQE/AT//xAAaEAACAgMAAAAAAAAAAAAAAAAAAQIRInHh/9oACAEBAAY/AqR0xg62f//EABkQAAIDAQAAAAAAAAAAAAAAAAERACFBgf/aAAgBAQABPyFEhrNlmSSyKigdBJ//2gAMAwEAAgADAAAAEPf/AP/EABURAQEAAAAAAAAAAAAAAAAAAAEQ/9oACAEDAQE/EAE//8QAFhEBAQEAAAAAAAAAAAAAAAAAARAR/9oACAECAQE/EF2f/8QAGhABAAIDAQAAAAAAAAAAAAAAAQARITFBkf/aAAgBAQABPxCtWQ3cIhEGOxxx4GpTYkWILyf/2Q==",
      },
      "width": 920,
    },
    "dateModified": 2020-04-11T00:00:00.000Z,
    "datePublished": 2020-04-11T00:00:00.000Z,
    "description": "Description",
    "internalContent": undefined,
    "pathName": "/test-ones",
    "route": "/test-ones",
    "slug": "/test-ones",
    "tags": [
      "programming",
      "writing",
    ],
    "timeToRead": "1 min read",
    "title": "Test Ones",
    "url": "https://zito.fyi/test-ones",
  },
]
`;

exports[`build util \`getAllPostsByCategory\` returns the category feed 1`] = `[]`;

exports[`build util \`getAllPostsByTag\` returns the tag feed 1`] = `[]`;
