// Jest Snapshot v1, https://goo.gl/fbAQLP

exports[`\`GeneralTags\` generates correct tags for posts 1`] = `
[
  <title>
    Post title
  </title>,
  <link
    href=""
    rel="icon"
  />,
  <meta
    content="dark light"
    name="color-scheme"
  />,
  <meta
    content="Post description."
    name="description"
  />,
  <meta
    content="/logos/logo-1024.png"
    name="image"
  />,
]
`;

exports[`\`GeneralTags\` generates correct tags on pages 1`] = `
[
  <title>
    Site title
  </title>,
  <link
    href=""
    rel="icon"
  />,
  <meta
    content="dark light"
    name="color-scheme"
  />,
  <meta
    content="Site description."
    name="description"
  />,
  <meta
    content="/logos/logo-1024.png"
    name="image"
  />,
]
`;

exports[`\`GeneralTags\` generates correct tags when missing \`description\` 1`] = `
[
  <title>
    Post title
  </title>,
  <link
    href=""
    rel="icon"
  />,
  <meta
    content="dark light"
    name="color-scheme"
  />,
  <meta
    content="/logos/logo-1024.png"
    name="image"
  />,
]
`;

exports[`\`GeneralTags\` generates correct tags when missing \`imageUrl\` 1`] = `
[
  <title>
    Post title
  </title>,
  <link
    href=""
    rel="icon"
  />,
  <meta
    content="dark light"
    name="color-scheme"
  />,
  <meta
    content="Post description."
    name="description"
  />,
]
`;
